// Jest Snapshot v1, https://goo.gl/fbAQLP

exports[`AuthButtons when signed in 1`] = `
Array [
  <span
    className="me-2 navbar-text"
  >
    Signed in as: 
    <span
      style={
        Object {
          "color": "white",
        }
      }
    >
      John Doe
    </span>
  </span>,
  <button
    className="btn btn-secondary"
    disabled={false}
    onClick={[Function]}
    type="button"
  >
    Sign out
  </button>,
]
`;

exports[`AuthButtons when signed out 1`] = `
<button
  className="btn btn-primary"
  disabled={false}
  onClick={[Function]}
  type="button"
>
  Sign in with Google
</button>
`;
